[    2380ms] [WARNING] [AuthError] NO_TOKEN: undefined @ https://cdn.meshy.ai/webapp-build-assets/production/_next/static/chunks/06756f5f43399107.js:37
[    3314ms] [ERROR] Not signed in with the identity provider. @ https://www.meshy.ai/:0
[    4262ms] [ERROR] Sending form data to 'https://www.facebook.com/tr/' violates the following Content Security Policy directive: "form-action 'self'". The request has been blocked.
 @ https://www.googletagmanager.com/:0
[    4351ms] [WARNING] window.intercomSettings.user_id is set to undefined. This value should either be a string or not set at all. @ https://js.intercomcdn.com/frame-modern.840c8491.js:0
[   10991ms] [WARNING] [Meta Pixel] - You are sending a non-standard event 'UserSignupIntent'. The preferred way to send these events is using trackCustom. See 'https://developers.facebook.com/docs/ads-for-websites/pixel-events/#events' for more information. @ https://connect.facebook.net/en_US/fbevents.js:173
[   11087ms] [ERROR] [GSI_LOGGER]: FedCM get() rejects with AbortError: signal is aborted without reason @ https://accounts.google.com/gsi/client:81
[   11099ms] [ERROR] Sending form data to 'https://www.facebook.com/tr/' violates the following Content Security Policy directive: "form-action 'self'". The request has been blocked.
 @ https://www.googletagmanager.com/:0
[   11099ms] [ERROR] Sending form data to 'https://www.facebook.com/tr/' violates the following Content Security Policy directive: "form-action 'self'". The request has been blocked.
 @ https://www.googletagmanager.com/:0
[   11256ms] [ERROR] Attestation check for Attribution Reporting on https://www.facebook.com failed. @ https://www.meshy.ai/:0
[  117434ms] [ERROR] Failed to load resource: net::ERR_CONNECTION_TIMED_OUT @ https://www.meshy.ai/ingest/i/v0/e/?ip=0&_=1771090352933&ver=1.335.2&compression=gzip-js:0
[  117740ms] [ERROR] Failed to load resource: net::ERR_CONNECTION_TIMED_OUT @ https://www.meshy.ai/ingest/i/v0/e/?ip=0&_=1771090357933&ver=1.335.2&compression=gzip-js:0
[  124301ms] [ERROR] WebSocket connection to 'wss://nexus-websocket-a.intercom.io/pubsub/5-fVRBpGG34A2WchrFPSmAEfuwUkC9K2Btyk2Z5djnA9FyKAgmCKvByFyGYKlOnnTP7qq27MZJT97uKmUN4S9wvIjVh0emXCqj8FXg?X-Nexus-New-Client=true&X-Nexus-Version=0.18.5&user_role=visitor' failed: Error in connection establishment: net::ERR_NAME_NOT_RESOLVED @ https://js.intercomcdn.com/vendor-modern.3fc458cc.js:1
[  135681ms] [ERROR] WebSocket connection to 'wss://nexus-websocket-a.intercom.io/pubsub/5-fVRBpGG34A2WchrFPSmAEfuwUkC9K2Btyk2Z5djnA9FyKAgmCKvByFyGYKlOnnTP7qq27MZJT97uKmUN4S9wvIjVh0emXCqj8FXg?X-Nexus-New-Client=true&X-Nexus-Version=0.18.5&user_role=visitor' failed: Error in connection establishment: net::ERR_NAME_NOT_RESOLVED @ https://js.intercomcdn.com/vendor-modern.3fc458cc.js:1
[  159948ms] [ERROR] Failed to load resource: net::ERR_NETWORK_CHANGED @ https://www.meshy.ai/ingest/i/v0/e/?retry_count=1&ip=0&_=1771090413355&ver=1.335.2&compression=gzip-js:0
[  159948ms] [ERROR] WebSocket connection to 'wss://nexus-websocket-a.intercom.io/pubsub/5-fVRBpGG34A2WchrFPSmAEfuwUkC9K2Btyk2Z5djnA9FyKAgmCKvByFyGYKlOnnTP7qq27MZJT97uKmUN4S9wvIjVh0emXCqj8FXg?X-Nexus-New-Client=true&X-Nexus-Version=0.18.5&user_role=visitor' failed: Error in connection establishment: net::ERR_NAME_NOT_RESOLVED @ https://js.intercomcdn.com/vendor-modern.3fc458cc.js:1
[  159948ms] [ERROR] Failed to load resource: net::ERR_NETWORK_CHANGED @ https://www.meshy.ai/ingest/i/v0/e/?retry_count=1&ip=0&_=1771090416368&ver=1.335.2&compression=gzip-js:0
[  168258ms] [ERROR] Failed to load resource: net::ERR_NAME_NOT_RESOLVED @ https://www.meshy.ai/ingest/i/v0/e/?retry_count=2&ip=0&_=1771090458876&ver=1.335.2&compression=gzip-js:0
[  187950ms] [ERROR] WebSocket connection to 'wss://nexus-websocket-a.intercom.io/pubsub/5-fVRBpGG34A2WchrFPSmAEfuwUkC9K2Btyk2Z5djnA9FyKAgmCKvByFyGYKlOnnTP7qq27MZJT97uKmUN4S9wvIjVh0emXCqj8FXg?X-Nexus-New-Client=true&X-Nexus-Version=0.18.5&user_role=visitor' failed: Error in connection establishment: net::ERR_NAME_NOT_RESOLVED @ https://js.intercomcdn.com/vendor-modern.3fc458cc.js:1
[  187951ms] [ERROR] Failed to load resource: net::ERR_NETWORK_CHANGED @ https://www.meshy.ai/ingest/i/v0/e/?retry_count=2&ip=0&_=1771090461882&ver=1.335.2&compression=gzip-js:0
[  187951ms] [ERROR] Failed to load resource: net::ERR_NETWORK_CHANGED @ https://www.meshy.ai/ingest/i/v0/e/?retry_count=3&ip=0&_=1771090473889&ver=1.335.2&compression=gzip-js:0
[  193018ms] [ERROR] WebSocket connection to 'wss://nexus-websocket-a.intercom.io/pubsub/5-fVRBpGG34A2WchrFPSmAEfuwUkC9K2Btyk2Z5djnA9FyKAgmCKvByFyGYKlOnnTP7qq27MZJT97uKmUN4S9wvIjVh0emXCqj8FXg?X-Nexus-New-Client=true&X-Nexus-Version=0.18.5&user_role=visitor' failed: Error in connection establishment: net::ERR_NAME_NOT_RESOLVED @ https://js.intercomcdn.com/vendor-modern.3fc458cc.js:1
[  204815ms] [ERROR] WebSocket connection to 'wss://nexus-websocket-a.intercom.io/pubsub/5-fVRBpGG34A2WchrFPSmAEfuwUkC9K2Btyk2Z5djnA9FyKAgmCKvByFyGYKlOnnTP7qq27MZJT97uKmUN4S9wvIjVh0emXCqj8FXg?X-Nexus-New-Client=true&X-Nexus-Version=0.18.5&user_role=visitor' failed: Error in connection establishment: net::ERR_NAME_NOT_RESOLVED @ https://js.intercomcdn.com/vendor-modern.3fc458cc.js:1
[  209066ms] [ERROR] Failed to load resource: net::ERR_NAME_NOT_RESOLVED @ https://www.meshy.ai/ingest/i/v0/e/?retry_count=3&ip=0&_=1771090495889&ver=1.335.2&compression=gzip-js:0
[  217817ms] [ERROR] WebSocket connection to 'wss://nexus-websocket-a.intercom.io/pubsub/5-fVRBpGG34A2WchrFPSmAEfuwUkC9K2Btyk2Z5djnA9FyKAgmCKvByFyGYKlOnnTP7qq27MZJT97uKmUN4S9wvIjVh0emXCqj8FXg?X-Nexus-New-Client=true&X-Nexus-Version=0.18.5&user_role=visitor' failed: Error in connection establishment: net::ERR_NAME_NOT_RESOLVED @ https://js.intercomcdn.com/vendor-modern.3fc458cc.js:1
[  218073ms] [ERROR] Failed to load resource: net::ERR_NAME_NOT_RESOLVED @ https://www.meshy.ai/ingest/i/v0/e/?retry_count=4&ip=0&_=1771090504894&ver=1.335.2&compression=gzip-js:0
[  235288ms] [ERROR] WebSocket connection to 'wss://nexus-websocket-a.intercom.io/pubsub/5-fVRBpGG34A2WchrFPSmAEfuwUkC9K2Btyk2Z5djnA9FyKAgmCKvByFyGYKlOnnTP7qq27MZJT97uKmUN4S9wvIjVh0emXCqj8FXg?X-Nexus-New-Client=true&X-Nexus-Version=0.18.5&user_role=visitor' failed: Error in connection establishment: net::ERR_NAME_NOT_RESOLVED @ https://js.intercomcdn.com/vendor-modern.3fc458cc.js:1
[  237303ms] [ERROR] Failed to load resource: net::ERR_NAME_NOT_RESOLVED @ https://www.meshy.ai/ingest/i/v0/e/?retry_count=4&ip=0&_=1771090528921&ver=1.335.2&compression=gzip-js:0
[  248782ms] [ERROR] WebSocket connection to 'wss://nexus-websocket-a.intercom.io/pubsub/5-fVRBpGG34A2WchrFPSmAEfuwUkC9K2Btyk2Z5djnA9FyKAgmCKvByFyGYKlOnnTP7qq27MZJT97uKmUN4S9wvIjVh0emXCqj8FXg?X-Nexus-New-Client=true&X-Nexus-Version=0.18.5&user_role=visitor' failed: Error in connection establishment: net::ERR_NAME_NOT_RESOLVED @ https://js.intercomcdn.com/vendor-modern.3fc458cc.js:1
[  250737ms] [ERROR] WebSocket connection to 'wss://nexus-websocket-a.intercom.io/pubsub/5-fVRBpGG34A2WchrFPSmAEfuwUkC9K2Btyk2Z5djnA9FyKAgmCKvByFyGYKlOnnTP7qq27MZJT97uKmUN4S9wvIjVh0emXCqj8FXg?X-Nexus-New-Client=true&X-Nexus-Version=0.18.5&user_role=visitor' failed: Error in connection establishment: net::ERR_NAME_NOT_RESOLVED @ https://js.intercomcdn.com/vendor-modern.3fc458cc.js:1
[  253454ms] [ERROR] WebSocket connection to 'wss://nexus-websocket-a.intercom.io/pubsub/5-fVRBpGG34A2WchrFPSmAEfuwUkC9K2Btyk2Z5djnA9FyKAgmCKvByFyGYKlOnnTP7qq27MZJT97uKmUN4S9wvIjVh0emXCqj8FXg?X-Nexus-New-Client=true&X-Nexus-Version=0.18.5&user_role=visitor' failed: Error in connection establishment: net::ERR_NAME_NOT_RESOLVED @ https://js.intercomcdn.com/vendor-modern.3fc458cc.js:1
[  257234ms] [ERROR] WebSocket connection to 'wss://nexus-websocket-a.intercom.io/pubsub/5-fVRBpGG34A2WchrFPSmAEfuwUkC9K2Btyk2Z5djnA9FyKAgmCKvByFyGYKlOnnTP7qq27MZJT97uKmUN4S9wvIjVh0emXCqj8FXg?X-Nexus-New-Client=true&X-Nexus-Version=0.18.5&user_role=visitor' failed: Error in connection establishment: net::ERR_NAME_NOT_RESOLVED @ https://js.intercomcdn.com/vendor-modern.3fc458cc.js:1
[  263706ms] [ERROR] WebSocket connection to 'wss://nexus-websocket-a.intercom.io/pubsub/5-fVRBpGG34A2WchrFPSmAEfuwUkC9K2Btyk2Z5djnA9FyKAgmCKvByFyGYKlOnnTP7qq27MZJT97uKmUN4S9wvIjVh0emXCqj8FXg?X-Nexus-New-Client=true&X-Nexus-Version=0.18.5&user_role=visitor' failed: Error in connection establishment: net::ERR_NAME_NOT_RESOLVED @ https://js.intercomcdn.com/vendor-modern.3fc458cc.js:1
[  266832ms] [ERROR] Failed to load resource: net::ERR_NAME_NOT_RESOLVED @ https://www.meshy.ai/ingest/i/v0/e/?retry_count=5&ip=0&_=1771090555934&ver=1.335.2&compression=gzip-js:0
[  675127ms] [WARNING] [AuthError] NO_TOKEN: undefined @ https://cdn.meshy.ai/webapp-build-assets/production/_next/static/chunks/06756f5f43399107.js:37
[  675218ms] [WARNING] Canvas2D: Multiple readback operations using getImageData are faster with the willReadFrequently attribute set to true. See: https://html.spec.whatwg.org/multipage/canvas.html#concept-canvas-will-read-frequently @ https://www.meshy.ai/ingest/static/posthog-recorder.js?v=1.335.2:0
[  675618ms] [ERROR] Not signed in with the identity provider. @ https://www.meshy.ai/:0
[  675709ms] [ERROR] Sending form data to 'https://www.facebook.com/tr/' violates the following Content Security Policy directive: "form-action 'self'". The request has been blocked.
 @ https://www.googletagmanager.com/:0
[  676000ms] [WARNING] window.intercomSettings.user_id is set to undefined. This value should either be a string or not set at all. @ https://js.intercomcdn.com/frame-modern.840c8491.js:0
[  697319ms] [ERROR] [GSI_LOGGER]: FedCM get() rejects with NetworkError: Error retrieving a token. @ https://accounts.google.com/gsi/client:81
