[     918ms] [ERROR] Failed to load resource: the server responded with a status of 404 () @ https://vast-ai-triposg.hf.space/static/fonts/ui-sans-serif/ui-sans-serif-Bold.woff2:0
[     931ms] [ERROR] Failed to load resource: the server responded with a status of 404 () @ https://vast-ai-triposg.hf.space/static/fonts/ui-sans-serif/ui-sans-serif-Regular.woff2:0
[    1150ms] [ERROR] Failed to load resource: the server responded with a status of 404 () @ https://vast-ai-triposg.hf.space/static/fonts/system-ui/system-ui-Bold.woff2:0
[    1150ms] [ERROR] Failed to load resource: the server responded with a status of 404 () @ https://vast-ai-triposg.hf.space/static/fonts/system-ui/system-ui-Regular.woff2:0
[    1402ms] [WARNING] Failed to execute 'postMessage' on 'DOMWindow': The target origin provided ('https://huggingface.co') does not match the recipient window's origin ('https://vast-ai-triposg.hf.space'). @ https://vast-ai-triposg.hf.space/_app/immutable/chunks/2.Cy8pFCNp.js:57882
[   21297ms] [WARNING] Method not implemented. @ https://vast-ai-triposg.hf.space/_app/immutable/chunks/2.Cy8pFCNp.js:1487
[   21300ms] [WARNING] Method not implemented. @ https://vast-ai-triposg.hf.space/_app/immutable/chunks/2.Cy8pFCNp.js:1487
[   29263ms] [WARNING] Too many arguments provided for the endpoint. @ https://vast-ai-triposg.hf.space/_app/immutable/chunks/2.Cy8pFCNp.js:493
[   32782ms] [WARNING] Too many arguments provided for the endpoint. @ https://vast-ai-triposg.hf.space/_app/immutable/chunks/2.Cy8pFCNp.js:493
[   33630ms] [WARNING] Too many arguments provided for the endpoint. @ https://vast-ai-triposg.hf.space/_app/immutable/chunks/2.Cy8pFCNp.js:493
[   81177ms] [WARNING] Too many arguments provided for the endpoint. @ https://vast-ai-triposg.hf.space/_app/immutable/chunks/2.Cy8pFCNp.js:493
[  112434ms] [WARNING] Unrecognized feature: 'ambient-light-sensor'. @ https://huggingface.co/spaces/trellis-community/TRELLIS:288
[  112434ms] [WARNING] Unrecognized feature: 'battery'. @ https://huggingface.co/spaces/trellis-community/TRELLIS:288
[  112434ms] [WARNING] Unrecognized feature: 'document-domain'. @ https://huggingface.co/spaces/trellis-community/TRELLIS:288
[  112434ms] [WARNING] Unrecognized feature: 'layout-animations'. @ https://huggingface.co/spaces/trellis-community/TRELLIS:288
[  112434ms] [WARNING] Unrecognized feature: 'legacy-image-formats'. @ https://huggingface.co/spaces/trellis-community/TRELLIS:288
[  112434ms] [WARNING] Unrecognized feature: 'oversized-images'. @ https://huggingface.co/spaces/trellis-community/TRELLIS:288
[  112434ms] [WARNING] Unrecognized feature: 'vr'. @ https://huggingface.co/spaces/trellis-community/TRELLIS:288
[  112434ms] [WARNING] Unrecognized feature: 'wake-lock'. @ https://huggingface.co/spaces/trellis-community/TRELLIS:288
[  112711ms] [ERROR] Failed to load resource: the server responded with a status of 404 () @ https://trellis-community-trellis.hf.space/static/fonts/ui-sans-serif/ui-sans-serif-Regular.woff2:0
[  112717ms] [ERROR] Failed to load resource: the server responded with a status of 404 () @ https://trellis-community-trellis.hf.space/static/fonts/system-ui/system-ui-Regular.woff2:0
[  113878ms] [ERROR] Failed to load resource: the server responded with a status of 404 () @ https://trellis-community-trellis.hf.space/static/fonts/ui-sans-serif/ui-sans-serif-Regular.woff2:0
[  114122ms] [ERROR] Failed to load resource: the server responded with a status of 404 () @ https://trellis-community-trellis.hf.space/static/fonts/system-ui/system-ui-Regular.woff2:0
[  114987ms] [ERROR] Failed to load resource: the server responded with a status of 404 () @ https://trellis-community-trellis.hf.space/static/fonts/ui-sans-serif/ui-sans-serif-Bold.woff2:0
[  115206ms] [ERROR] Failed to load resource: the server responded with a status of 404 () @ https://trellis-community-trellis.hf.space/static/fonts/system-ui/system-ui-Bold.woff2:0
[  138361ms] [WARNING] Unrecognized feature: 'ambient-light-sensor'. @ https://huggingface.co/spaces/trellis-community/TRELLIS:288
[  138361ms] [WARNING] Unrecognized feature: 'battery'. @ https://huggingface.co/spaces/trellis-community/TRELLIS:288
[  138361ms] [WARNING] Unrecognized feature: 'document-domain'. @ https://huggingface.co/spaces/trellis-community/TRELLIS:288
[  138361ms] [WARNING] Unrecognized feature: 'layout-animations'. @ https://huggingface.co/spaces/trellis-community/TRELLIS:288
[  138361ms] [WARNING] Unrecognized feature: 'legacy-image-formats'. @ https://huggingface.co/spaces/trellis-community/TRELLIS:288
[  138361ms] [WARNING] Unrecognized feature: 'oversized-images'. @ https://huggingface.co/spaces/trellis-community/TRELLIS:288
[  138361ms] [WARNING] Unrecognized feature: 'vr'. @ https://huggingface.co/spaces/trellis-community/TRELLIS:288
[  138361ms] [WARNING] Unrecognized feature: 'wake-lock'. @ https://huggingface.co/spaces/trellis-community/TRELLIS:288
[  139222ms] [ERROR] Failed to load resource: the server responded with a status of 404 () @ https://trellis-community-trellis.hf.space/static/fonts/ui-sans-serif/ui-sans-serif-Regular.woff2:0
[  139445ms] [ERROR] Failed to load resource: the server responded with a status of 404 () @ https://trellis-community-trellis.hf.space/static/fonts/system-ui/system-ui-Regular.woff2:0
[  140356ms] [ERROR] Failed to load resource: the server responded with a status of 404 () @ https://trellis-community-trellis.hf.space/static/fonts/ui-sans-serif/ui-sans-serif-Bold.woff2:0
[  140759ms] [ERROR] Failed to load resource: the server responded with a status of 404 () @ https://trellis-community-trellis.hf.space/static/fonts/system-ui/system-ui-Bold.woff2:0
[  276568ms] [WARNING] Method not implemented. @ https://trellis-community-trellis.hf.space/_app/immutable/chunks/2.CWSJHAMp.js:1486
[  276600ms] [WARNING] Method not implemented. @ https://trellis-community-trellis.hf.space/_app/immutable/chunks/2.CWSJHAMp.js:1486
