[     422ms] [WARNING] Unrecognized feature: 'ambient-light-sensor'. @ https://huggingface.co/spaces/trellis-community/TRELLIS:288
[     422ms] [WARNING] Unrecognized feature: 'battery'. @ https://huggingface.co/spaces/trellis-community/TRELLIS:288
[     422ms] [WARNING] Unrecognized feature: 'document-domain'. @ https://huggingface.co/spaces/trellis-community/TRELLIS:288
[     422ms] [WARNING] Unrecognized feature: 'layout-animations'. @ https://huggingface.co/spaces/trellis-community/TRELLIS:288
[     422ms] [WARNING] Unrecognized feature: 'legacy-image-formats'. @ https://huggingface.co/spaces/trellis-community/TRELLIS:288
[     422ms] [WARNING] Unrecognized feature: 'oversized-images'. @ https://huggingface.co/spaces/trellis-community/TRELLIS:288
[     422ms] [WARNING] Unrecognized feature: 'vr'. @ https://huggingface.co/spaces/trellis-community/TRELLIS:288
[     422ms] [WARNING] Unrecognized feature: 'wake-lock'. @ https://huggingface.co/spaces/trellis-community/TRELLIS:288
[    2098ms] [ERROR] Failed to load resource: the server responded with a status of 404 () @ https://trellis-community-trellis.hf.space/static/fonts/ui-sans-serif/ui-sans-serif-Regular.woff2:0
[    2338ms] [ERROR] Failed to load resource: the server responded with a status of 404 () @ https://trellis-community-trellis.hf.space/static/fonts/system-ui/system-ui-Regular.woff2:0
[    3896ms] [ERROR] Failed to load resource: the server responded with a status of 404 () @ https://trellis-community-trellis.hf.space/static/fonts/ui-sans-serif/ui-sans-serif-Bold.woff2:0
[    4599ms] [ERROR] Failed to load resource: the server responded with a status of 404 () @ https://trellis-community-trellis.hf.space/static/fonts/system-ui/system-ui-Bold.woff2:0
[   26488ms] [WARNING] Method not implemented. @ https://trellis-community-trellis.hf.space/_app/immutable/chunks/2.CWSJHAMp.js:1486
[   26500ms] [WARNING] Method not implemented. @ https://trellis-community-trellis.hf.space/_app/immutable/chunks/2.CWSJHAMp.js:1486
[  204078ms] [WARNING] Method not implemented. @ https://trellis-community-trellis.hf.space/_app/immutable/chunks/2.CWSJHAMp.js:1486
[  204093ms] [WARNING] Method not implemented. @ https://trellis-community-trellis.hf.space/_app/immutable/chunks/2.CWSJHAMp.js:1486
[  316308ms] [WARNING] Method not implemented. @ https://trellis-community-trellis.hf.space/_app/immutable/chunks/2.CWSJHAMp.js:1486
[  316317ms] [WARNING] Method not implemented. @ https://trellis-community-trellis.hf.space/_app/immutable/chunks/2.CWSJHAMp.js:1486
[  387225ms] [WARNING] Method not implemented. @ https://trellis-community-trellis.hf.space/_app/immutable/chunks/2.CWSJHAMp.js:1486
[  387247ms] [WARNING] Method not implemented. @ https://trellis-community-trellis.hf.space/_app/immutable/chunks/2.CWSJHAMp.js:1486
[  465010ms] [WARNING] Method not implemented. @ https://trellis-community-trellis.hf.space/_app/immutable/chunks/2.CWSJHAMp.js:1486
[  465020ms] [WARNING] Method not implemented. @ https://trellis-community-trellis.hf.space/_app/immutable/chunks/2.CWSJHAMp.js:1486
[  551970ms] [WARNING] Method not implemented. @ https://trellis-community-trellis.hf.space/_app/immutable/chunks/2.CWSJHAMp.js:1486
[  552016ms] [WARNING] Method not implemented. @ https://trellis-community-trellis.hf.space/_app/immutable/chunks/2.CWSJHAMp.js:1486
[  623640ms] [WARNING] Method not implemented. @ https://trellis-community-trellis.hf.space/_app/immutable/chunks/2.CWSJHAMp.js:1486
[  623643ms] [WARNING] Method not implemented. @ https://trellis-community-trellis.hf.space/_app/immutable/chunks/2.CWSJHAMp.js:1486
[  719330ms] [WARNING] Method not implemented. @ https://trellis-community-trellis.hf.space/_app/immutable/chunks/2.CWSJHAMp.js:1486
[  719343ms] [WARNING] Method not implemented. @ https://trellis-community-trellis.hf.space/_app/immutable/chunks/2.CWSJHAMp.js:1486
[30650689ms] [ERROR] Failed to load resource: net::ERR_HTTP2_PROTOCOL_ERROR @ https://huggingface.co/api/spaces/trellis-community/TRELLIS/metrics:0
[30650690ms] [ERROR] Failed to fetch Space status via SSE: network error @ https://huggingface.co/front/build/kube-8cf50d3/SpaceHeader-9w9lBPX6.js:50
[30650690ms] [ERROR] SSE Stream ended with error: TypeError: network error @ https://huggingface.co/front/build/kube-8cf50d3/index.js:8
[35285312ms] [ERROR] Failed to load resource: net::ERR_HTTP2_PROTOCOL_ERROR @ https://huggingface.co/api/spaces/trellis-community/TRELLIS/events?session_uuid=LfI8lb42mHUY90MFa-Fk5:0
[35285313ms] [ERROR] Failed to fetch Space status via SSE: network error @ https://huggingface.co/front/build/kube-8cf50d3/SpaceHeader-9w9lBPX6.js:119
[35285314ms] [ERROR] SSE Stream ended with error: TypeError: network error @ https://huggingface.co/front/build/kube-8cf50d3/index.js:8
[41050160ms] [ERROR] Failed to load resource: net::ERR_HTTP2_PROTOCOL_ERROR @ https://trellis-community-trellis.hf.space/gradio_api/heartbeat/l6i47ds9bri:0
