[     417ms] [WARNING] Unrecognized feature: 'ambient-light-sensor'. @ https://huggingface.co/spaces/trellis-community/TRELLIS:288
[     417ms] [WARNING] Unrecognized feature: 'battery'. @ https://huggingface.co/spaces/trellis-community/TRELLIS:288
[     417ms] [WARNING] Unrecognized feature: 'document-domain'. @ https://huggingface.co/spaces/trellis-community/TRELLIS:288
[     417ms] [WARNING] Unrecognized feature: 'layout-animations'. @ https://huggingface.co/spaces/trellis-community/TRELLIS:288
[     417ms] [WARNING] Unrecognized feature: 'legacy-image-formats'. @ https://huggingface.co/spaces/trellis-community/TRELLIS:288
[     417ms] [WARNING] Unrecognized feature: 'oversized-images'. @ https://huggingface.co/spaces/trellis-community/TRELLIS:288
[     417ms] [WARNING] Unrecognized feature: 'vr'. @ https://huggingface.co/spaces/trellis-community/TRELLIS:288
[     417ms] [WARNING] Unrecognized feature: 'wake-lock'. @ https://huggingface.co/spaces/trellis-community/TRELLIS:288
[    3602ms] [ERROR] Failed to load resource: the server responded with a status of 404 () @ https://trellis-community-trellis.hf.space/static/fonts/ui-sans-serif/ui-sans-serif-Regular.woff2:0
[    4160ms] [ERROR] Failed to load resource: the server responded with a status of 404 () @ https://trellis-community-trellis.hf.space/static/fonts/system-ui/system-ui-Regular.woff2:0
[    7369ms] [ERROR] Failed to load resource: the server responded with a status of 404 () @ https://trellis-community-trellis.hf.space/static/fonts/ui-sans-serif/ui-sans-serif-Bold.woff2:0
[    9271ms] [ERROR] Failed to load resource: the server responded with a status of 404 () @ https://trellis-community-trellis.hf.space/static/fonts/system-ui/system-ui-Bold.woff2:0
[   14669ms] [WARNING] Method not implemented. @ https://trellis-community-trellis.hf.space/_app/immutable/chunks/2.CWSJHAMp.js:1486
[   14671ms] [WARNING] Method not implemented. @ https://trellis-community-trellis.hf.space/_app/immutable/chunks/2.CWSJHAMp.js:1486
[  141248ms] [ERROR] Failed to load resource: net::ERR_HTTP2_PROTOCOL_ERROR @ https://huggingface.co/api/settings/billing/usage/live:0
[  141248ms] [ERROR] Failed to fetch usage status via SSE: network error @ https://huggingface.co/front/build/kube-7917936/index.js:8
[  141248ms] [ERROR] SSE Stream ended with error: TypeError: network error @ https://huggingface.co/front/build/kube-7917936/index.js:8
[  144599ms] [ERROR] Failed to load resource: net::ERR_HTTP2_PROTOCOL_ERROR @ https://huggingface.co/api/spaces/trellis-community/TRELLIS/events?session_uuid=kh21NNHJpM-PjYw_7MG62:0
[  144601ms] [ERROR] Failed to fetch Space status via SSE: network error @ https://huggingface.co/front/build/kube-7917936/SpaceHeader-CCqY9gTe.js:119
[  144602ms] [ERROR] SSE Stream ended with error: TypeError: network error @ https://huggingface.co/front/build/kube-7917936/index.js:8
[  194790ms] [ERROR] Failed to load resource: net::ERR_HTTP2_PROTOCOL_ERROR @ https://huggingface.co/api/spaces/trellis-community/TRELLIS/metrics:0
[  194790ms] [ERROR] Failed to fetch Space status via SSE: network error @ https://huggingface.co/front/build/kube-7917936/SpaceHeader-CCqY9gTe.js:50
[  194790ms] [ERROR] SSE Stream ended with error: TypeError: network error @ https://huggingface.co/front/build/kube-7917936/index.js:8
