[     850ms] [ERROR] Failed to load resource: the server responded with a status of 404 () @ https://trellis-community-trellis.hf.space/static/fonts/ui-sans-serif/ui-sans-serif-Regular.woff2:0
[    1073ms] [ERROR] Failed to load resource: the server responded with a status of 404 () @ https://trellis-community-trellis.hf.space/static/fonts/system-ui/system-ui-Regular.woff2:0
[    2722ms] [WARNING] Failed to execute 'postMessage' on 'DOMWindow': The target origin provided ('https://huggingface.co') does not match the recipient window's origin ('https://trellis-community-trellis.hf.space'). @ https://trellis-community-trellis.hf.space/_app/immutable/chunks/2.CWSJHAMp.js:63030
[    3040ms] [WARNING] Unrecognized feature: 'ambient-light-sensor'. @ https://huggingface.co/spaces/trellis-community/TRELLIS:288
[    3040ms] [WARNING] Unrecognized feature: 'battery'. @ https://huggingface.co/spaces/trellis-community/TRELLIS:288
[    3040ms] [WARNING] Unrecognized feature: 'document-domain'. @ https://huggingface.co/spaces/trellis-community/TRELLIS:288
[    3040ms] [WARNING] Unrecognized feature: 'layout-animations'. @ https://huggingface.co/spaces/trellis-community/TRELLIS:288
[    3040ms] [WARNING] Unrecognized feature: 'legacy-image-formats'. @ https://huggingface.co/spaces/trellis-community/TRELLIS:288
[    3040ms] [WARNING] Unrecognized feature: 'oversized-images'. @ https://huggingface.co/spaces/trellis-community/TRELLIS:288
[    3040ms] [WARNING] Unrecognized feature: 'vr'. @ https://huggingface.co/spaces/trellis-community/TRELLIS:288
[    3040ms] [WARNING] Unrecognized feature: 'wake-lock'. @ https://huggingface.co/spaces/trellis-community/TRELLIS:288
[    3159ms] [ERROR] Failed to load resource: the server responded with a status of 404 () @ https://trellis-community-trellis.hf.space/static/fonts/ui-sans-serif/ui-sans-serif-Regular.woff2:0
[    3194ms] [ERROR] Failed to load resource: the server responded with a status of 404 () @ https://trellis-community-trellis.hf.space/static/fonts/system-ui/system-ui-Regular.woff2:0
[    4189ms] [ERROR] Failed to load resource: the server responded with a status of 404 () @ https://trellis-community-trellis.hf.space/static/fonts/ui-sans-serif/ui-sans-serif-Regular.woff2:0
[    4200ms] [ERROR] Failed to load resource: the server responded with a status of 404 () @ https://trellis-community-trellis.hf.space/static/fonts/system-ui/system-ui-Regular.woff2:0
[    6213ms] [WARNING] Failed to execute 'postMessage' on 'DOMWindow': The target origin provided ('https://huggingface.co') does not match the recipient window's origin ('https://trellis-community-trellis.hf.space'). @ https://trellis-community-trellis.hf.space/_app/immutable/chunks/2.CWSJHAMp.js:63030
[   10413ms] [WARNING] Unrecognized feature: 'ambient-light-sensor'. @ https://huggingface.co/spaces/trellis-community/TRELLIS:288
[   10413ms] [WARNING] Unrecognized feature: 'battery'. @ https://huggingface.co/spaces/trellis-community/TRELLIS:288
[   10413ms] [WARNING] Unrecognized feature: 'document-domain'. @ https://huggingface.co/spaces/trellis-community/TRELLIS:288
[   10413ms] [WARNING] Unrecognized feature: 'layout-animations'. @ https://huggingface.co/spaces/trellis-community/TRELLIS:288
[   10413ms] [WARNING] Unrecognized feature: 'legacy-image-formats'. @ https://huggingface.co/spaces/trellis-community/TRELLIS:288
[   10413ms] [WARNING] Unrecognized feature: 'oversized-images'. @ https://huggingface.co/spaces/trellis-community/TRELLIS:288
[   10413ms] [WARNING] Unrecognized feature: 'vr'. @ https://huggingface.co/spaces/trellis-community/TRELLIS:288
[   10413ms] [WARNING] Unrecognized feature: 'wake-lock'. @ https://huggingface.co/spaces/trellis-community/TRELLIS:288
[   10904ms] [ERROR] Failed to load resource: the server responded with a status of 404 () @ https://trellis-community-trellis.hf.space/static/fonts/ui-sans-serif/ui-sans-serif-Regular.woff2:0
[   10948ms] [ERROR] Failed to load resource: the server responded with a status of 404 () @ https://trellis-community-trellis.hf.space/static/fonts/system-ui/system-ui-Regular.woff2:0
[   11699ms] [ERROR] Failed to load resource: the server responded with a status of 404 () @ https://trellis-community-trellis.hf.space/static/fonts/ui-sans-serif/ui-sans-serif-Regular.woff2:0
[   11914ms] [ERROR] Failed to load resource: the server responded with a status of 404 () @ https://trellis-community-trellis.hf.space/static/fonts/system-ui/system-ui-Regular.woff2:0
[   12938ms] [ERROR] Failed to load resource: the server responded with a status of 404 () @ https://trellis-community-trellis.hf.space/static/fonts/ui-sans-serif/ui-sans-serif-Bold.woff2:0
[   13145ms] [ERROR] Failed to load resource: the server responded with a status of 404 () @ https://trellis-community-trellis.hf.space/static/fonts/system-ui/system-ui-Bold.woff2:0
[   45556ms] [WARNING] Method not implemented. @ https://trellis-community-trellis.hf.space/_app/immutable/chunks/2.CWSJHAMp.js:1486
[   45574ms] [WARNING] Method not implemented. @ https://trellis-community-trellis.hf.space/_app/immutable/chunks/2.CWSJHAMp.js:1486
[  169050ms] [ERROR] Failed to load resource: the server responded with a status of 404 () @ https://trellis-community-trellis.hf.space/static/fonts/ui-sans-serif/ui-sans-serif-Regular.woff2:0
[  169057ms] [ERROR] Failed to load resource: the server responded with a status of 404 () @ https://trellis-community-trellis.hf.space/static/fonts/system-ui/system-ui-Regular.woff2:0
[  170363ms] [ERROR] Failed to load resource: the server responded with a status of 404 () @ https://trellis-community-trellis.hf.space/static/fonts/ui-sans-serif/ui-sans-serif-Bold.woff2:0
[  170397ms] [WARNING] Failed to execute 'postMessage' on 'DOMWindow': The target origin provided ('https://huggingface.co') does not match the recipient window's origin ('https://trellis-community-trellis.hf.space'). @ https://trellis-community-trellis.hf.space/_app/immutable/chunks/2.CWSJHAMp.js:63030
[  180088ms] [WARNING] Unrecognized feature: 'ambient-light-sensor'. @ https://huggingface.co/spaces/trellis-community/TRELLIS:288
[  180088ms] [WARNING] Unrecognized feature: 'battery'. @ https://huggingface.co/spaces/trellis-community/TRELLIS:288
[  180088ms] [WARNING] Unrecognized feature: 'document-domain'. @ https://huggingface.co/spaces/trellis-community/TRELLIS:288
[  180088ms] [WARNING] Unrecognized feature: 'layout-animations'. @ https://huggingface.co/spaces/trellis-community/TRELLIS:288
[  180088ms] [WARNING] Unrecognized feature: 'legacy-image-formats'. @ https://huggingface.co/spaces/trellis-community/TRELLIS:288
[  180088ms] [WARNING] Unrecognized feature: 'oversized-images'. @ https://huggingface.co/spaces/trellis-community/TRELLIS:288
[  180088ms] [WARNING] Unrecognized feature: 'vr'. @ https://huggingface.co/spaces/trellis-community/TRELLIS:288
[  180088ms] [WARNING] Unrecognized feature: 'wake-lock'. @ https://huggingface.co/spaces/trellis-community/TRELLIS:288
[  180679ms] [ERROR] Failed to load resource: the server responded with a status of 404 () @ https://trellis-community-trellis.hf.space/static/fonts/ui-sans-serif/ui-sans-serif-Regular.woff2:0
[  180751ms] [ERROR] Failed to load resource: the server responded with a status of 404 () @ https://trellis-community-trellis.hf.space/static/fonts/system-ui/system-ui-Regular.woff2:0
[  181698ms] [ERROR] Failed to load resource: the server responded with a status of 404 () @ https://trellis-community-trellis.hf.space/static/fonts/ui-sans-serif/ui-sans-serif-Regular.woff2:0
[  181967ms] [ERROR] Failed to load resource: the server responded with a status of 404 () @ https://trellis-community-trellis.hf.space/static/fonts/system-ui/system-ui-Regular.woff2:0
[  183843ms] [ERROR] Failed to load resource: the server responded with a status of 404 () @ https://trellis-community-trellis.hf.space/static/fonts/ui-sans-serif/ui-sans-serif-Bold.woff2:0
[  184349ms] [ERROR] Failed to load resource: the server responded with a status of 404 () @ https://trellis-community-trellis.hf.space/static/fonts/system-ui/system-ui-Bold.woff2:0
[  218548ms] [WARNING] Method not implemented. @ https://trellis-community-trellis.hf.space/_app/immutable/chunks/2.CWSJHAMp.js:1486
[  218549ms] [WARNING] Method not implemented. @ https://trellis-community-trellis.hf.space/_app/immutable/chunks/2.CWSJHAMp.js:1486
[  245848ms] [WARNING] Unrecognized feature: 'ambient-light-sensor'. @ https://huggingface.co/spaces/trellis-community/TRELLIS:288
[  245848ms] [WARNING] Unrecognized feature: 'battery'. @ https://huggingface.co/spaces/trellis-community/TRELLIS:288
[  245848ms] [WARNING] Unrecognized feature: 'document-domain'. @ https://huggingface.co/spaces/trellis-community/TRELLIS:288
[  245848ms] [WARNING] Unrecognized feature: 'layout-animations'. @ https://huggingface.co/spaces/trellis-community/TRELLIS:288
[  245848ms] [WARNING] Unrecognized feature: 'legacy-image-formats'. @ https://huggingface.co/spaces/trellis-community/TRELLIS:288
[  245848ms] [WARNING] Unrecognized feature: 'oversized-images'. @ https://huggingface.co/spaces/trellis-community/TRELLIS:288
[  245848ms] [WARNING] Unrecognized feature: 'vr'. @ https://huggingface.co/spaces/trellis-community/TRELLIS:288
[  245848ms] [WARNING] Unrecognized feature: 'wake-lock'. @ https://huggingface.co/spaces/trellis-community/TRELLIS:288
[  246680ms] [ERROR] Failed to load resource: the server responded with a status of 404 () @ https://trellis-community-trellis.hf.space/static/fonts/ui-sans-serif/ui-sans-serif-Regular.woff2:0
[  246888ms] [ERROR] Failed to load resource: the server responded with a status of 404 () @ https://trellis-community-trellis.hf.space/static/fonts/system-ui/system-ui-Regular.woff2:0
