[    1301ms] [ERROR] Failed to load resource: the server responded with a status of 404 () @ https://cloudusersettings-pa.clients6.google.com/v1alpha1/settings/FIREBASE_PROMOS_DISMISSED_UNTIL?key.subkey=mfa_conformance_banner_2024_12_21&alt=json&key=AIzaSyDovLKo3djdRbs963vqKdbj-geRWyzMTrg:0
[    1316ms] [ERROR] Failed to load resource: the server responded with a status of 404 () @ https://cloudusersettings-pa.clients6.google.com/v1alpha1/settings/SHELL_STARS_GLOBAL?key.subkey=PROJECT&key=AIzaSyDovLKo3djdRbs963vqKdbj-geRWyzMTrg&alt=json:0
[    1353ms] [ERROR] Failed to load resource: the server responded with a status of 404 () @ https://cloudusersettings-pa.clients6.google.com/v1alpha1/settings/SHELL_STARS_GLOBAL?key.subkey=FIREBASE_STUDIO_WORKSPACE&key=AIzaSyDovLKo3djdRbs963vqKdbj-geRWyzMTrg&alt=json:0
[    1553ms] [ERROR] Failed to load resource: the server responded with a status of 404 () @ https://firebase.clients6.google.com/v1beta1/projects/drift-racers-game/analyticsDetails?key=AIzaSyDovLKo3djdRbs963vqKdbj-geRWyzMTrg&alt=json:0
[    1734ms] [ERROR] Failed to load resource: the server responded with a status of 404 () @ https://cloudusersettings-pa.clients6.google.com/v1alpha1/settings/FIREBASE_PROJECT_PROMOS_DISMISSED?key.projectId=475670640661&key.subkey=helios_terms_acceptance_2024_01_18&alt=json&key=AIzaSyDovLKo3djdRbs963vqKdbj-geRWyzMTrg:0
[    1888ms] [ERROR] Failed to load resource: the server responded with a status of 404 () @ https://cloudusersettings-pa.clients6.google.com/v1alpha1/settings/FIREBASE_CONSOLE_LEFT_NAV_EXPAND_COLLAPSE?key.subkey=SIDENAV_HORIZONTAL_EXPANDED&alt=json&key=AIzaSyDovLKo3djdRbs963vqKdbj-geRWyzMTrg:0
[    1902ms] [ERROR] Failed to load resource: the server responded with a status of 404 () @ https://cloudusersettings-pa.clients6.google.com/v1alpha1/settings/FIREBASE_PROJECT_PROMOS_DISMISSED?key.projectId=475670640661&key.subkey=helios_no_cost_terms_acceptance_2024_11_12&alt=json&key=AIzaSyDovLKo3djdRbs963vqKdbj-geRWyzMTrg:0
[    1911ms] [ERROR] Failed to load resource: the server responded with a status of 404 () @ https://cloudusersettings-pa.clients6.google.com/v1alpha1/settings/FIREBASE_CONSOLE_NAVBAR_PROMO?alt=json&key=AIzaSyDovLKo3djdRbs963vqKdbj-geRWyzMTrg:0
[    2419ms] [ERROR] Failed to load resource: the server responded with a status of 404 () @ https://cloudusersettings-pa.clients6.google.com/v1alpha1/settings/FIREBASE_CONSOLE_LEFT_NAV_EXPAND_COLLAPSE?key.subkey=SIDENAV_HORIZONTAL_EXPANDED&alt=json&key=AIzaSyDovLKo3djdRbs963vqKdbj-geRWyzMTrg:0
[    2589ms] [ERROR] Failed to load resource: the server responded with a status of 404 () @ https://cloudusersettings-pa.clients6.google.com/v1alpha1/settings/FIREBASE_CONSOLE_NAVBAR_PROMO?alt=json&key=AIzaSyDovLKo3djdRbs963vqKdbj-geRWyzMTrg:0
[    3152ms] [ERROR] Failed to load resource: the server responded with a status of 404 () @ https://identitytoolkit.clients6.google.com/admin/v2/projects/drift-racers-game/inboundSamlConfigs?alt=json&key=AIzaSyDovLKo3djdRbs963vqKdbj-geRWyzMTrg:0
[    3154ms] [ERROR] Failed to load resource: the server responded with a status of 404 () @ https://identitytoolkit.clients6.google.com/admin/v2/projects/drift-racers-game/oauthIdpConfigs?alt=json&key=AIzaSyDovLKo3djdRbs963vqKdbj-geRWyzMTrg:0
[    3176ms] [ERROR] Failed to load resource: the server responded with a status of 404 () @ https://identitytoolkit.clients6.google.com/v2/projects/drift-racers-game/config?alt=json&key=AIzaSyDovLKo3djdRbs963vqKdbj-geRWyzMTrg:0
[    3235ms] [ERROR] Failed to load resource: the server responded with a status of 404 () @ https://identitytoolkit.clients6.google.com/admin/v2/projects/drift-racers-game/defaultSupportedIdpConfigs?alt=json&key=AIzaSyDovLKo3djdRbs963vqKdbj-geRWyzMTrg:0
[    5890ms] [ERROR] Failed to load resource: the server responded with a status of 404 () @ https://cloudusersettings-pa.clients6.google.com/v1alpha1/settings/FIREBASE_PROJECT_PROMOS_DISMISSED_UNTIL?key.projectId=475670640661&key.subkey=durablelinks_shutdown_popup_key_2025_08_25&alt=json&key=AIzaSyDovLKo3djdRbs963vqKdbj-geRWyzMTrg:0
[    6068ms] [ERROR] Failed to load resource: the server responded with a status of 404 () @ https://cloudusersettings-pa.clients6.google.com/v1alpha1/settings/FIREBASE_PROJECT_PROMOS_DISMISSED?key.projectId=475670640661&key.subkey=storage_ift_shutdown_notice_4_2026_01_27&alt=json&key=AIzaSyDovLKo3djdRbs963vqKdbj-geRWyzMTrg:0
[    6224ms] [ERROR] Failed to load resource: the server responded with a status of 404 () @ https://cloudusersettings-pa.clients6.google.com/v1alpha1/settings/FIREBASE_PROJECT_PROMOS_DISMISSED_UNTIL?key.projectId=475670640661&key.subkey=crashlytics_bq_migration_dialog_key_2026_02_04&alt=json&key=AIzaSyDovLKo3djdRbs963vqKdbj-geRWyzMTrg:0
[    6635ms] [ERROR] Failed to load resource: the server responded with a status of 403 () @ https://firebasestorage.clients6.google.com/v1alpha/projects/475670640661/defaultBucket?alt=json&key=AIzaSyDovLKo3djdRbs963vqKdbj-geRWyzMTrg:0
[   22083ms] [ERROR] Failed to load resource: the server responded with a status of 403 () @ https://firebasestorage.clients6.google.com/v1alpha/projects/475670640661/defaultBucket?alt=json&key=AIzaSyDovLKo3djdRbs963vqKdbj-geRWyzMTrg:0
[   47988ms] [ERROR] Failed to load resource: the server responded with a status of 404 () @ https://fireconsole-pa.clients6.google.com/v1/brands/475670640661?alt=json&key=AIzaSyDovLKo3djdRbs963vqKdbj-geRWyzMTrg:0
