[      62ms] Uncaught TypeError: Cannot read properties of undefined (reading '_currentLOD')
    at e._prepareRenderingManager (https://cdn.babylonjs.com/babylon.js:0:1473870)
    at e.render (https://cdn.babylonjs.com/babylon.js:0:1470701)
    at t._renderToTarget (https://cdn.babylonjs.com/babylon.js:0:944126)
    at t._render (https://cdn.babylonjs.com/babylon.js:0:942773)
    at t.render (https://cdn.babylonjs.com/babylon.js:0:941741)
    at e._renderForCamera (https://cdn.babylonjs.com/babylon.js:0:2917619)
    at e._processSubCameras (https://cdn.babylonjs.com/babylon.js:0:2919674)
    at e.render (https://cdn.babylonjs.com/babylon.js:0:2927939)
    at renderScene (http://localhost:5500/js/graphics.js?v=79:1288:10)
    at animate (http://localhost:5500/js/main.js?v=79:377:2)
[      85ms] Uncaught TypeError: Cannot read properties of undefined (reading '_currentLOD')
    at e._prepareRenderingManager (https://cdn.babylonjs.com/babylon.js:0:1473870)
    at e.render (https://cdn.babylonjs.com/babylon.js:0:1470701)
    at t._renderToTarget (https://cdn.babylonjs.com/babylon.js:0:944126)
    at t._render (https://cdn.babylonjs.com/babylon.js:0:942773)
    at t.render (https://cdn.babylonjs.com/babylon.js:0:941741)
    at e._renderForCamera (https://cdn.babylonjs.com/babylon.js:0:2917619)
    at e._processSubCameras (https://cdn.babylonjs.com/babylon.js:0:2919674)
    at e.render (https://cdn.babylonjs.com/babylon.js:0:2927939)
    at renderScene (http://localhost:5500/js/graphics.js?v=79:1288:10)
    at animate (http://localhost:5500/js/main.js?v=79:377:2)
[     119ms] Uncaught TypeError: Cannot read properties of undefined (reading '_currentLOD')
    at e._prepareRenderingManager (https://cdn.babylonjs.com/babylon.js:0:1473870)
    at e.render (https://cdn.babylonjs.com/babylon.js:0:1470701)
    at t._renderToTarget (https://cdn.babylonjs.com/babylon.js:0:944126)
    at t._render (https://cdn.babylonjs.com/babylon.js:0:942773)
    at t.render (https://cdn.babylonjs.com/babylon.js:0:941741)
    at e._renderForCamera (https://cdn.babylonjs.com/babylon.js:0:2917619)
    at e._processSubCameras (https://cdn.babylonjs.com/babylon.js:0:2919674)
    at e.render (https://cdn.babylonjs.com/babylon.js:0:2927939)
    at renderScene (http://localhost:5500/js/graphics.js?v=79:1288:10)
    at animate (http://localhost:5500/js/main.js?v=79:377:2)
[     153ms] Uncaught TypeError: Cannot read properties of undefined (reading '_currentLOD')
    at e._prepareRenderingManager (https://cdn.babylonjs.com/babylon.js:0:1473870)
    at e.render (https://cdn.babylonjs.com/babylon.js:0:1470701)
    at t._renderToTarget (https://cdn.babylonjs.com/babylon.js:0:944126)
    at t._render (https://cdn.babylonjs.com/babylon.js:0:942773)
    at t.render (https://cdn.babylonjs.com/babylon.js:0:941741)
    at e._renderForCamera (https://cdn.babylonjs.com/babylon.js:0:2917619)
    at e._processSubCameras (https://cdn.babylonjs.com/babylon.js:0:2919674)
    at e.render (https://cdn.babylonjs.com/babylon.js:0:2927939)
    at renderScene (http://localhost:5500/js/graphics.js?v=79:1288:10)
    at animate (http://localhost:5500/js/main.js?v=79:377:2)
[     184ms] Uncaught TypeError: Cannot read properties of undefined (reading '_currentLOD')
    at e._prepareRenderingManager (https://cdn.babylonjs.com/babylon.js:0:1473870)
    at e.render (https://cdn.babylonjs.com/babylon.js:0:1470701)
    at t._renderToTarget (https://cdn.babylonjs.com/babylon.js:0:944126)
    at t._render (https://cdn.babylonjs.com/babylon.js:0:942773)
    at t.render (https://cdn.babylonjs.com/babylon.js:0:941741)
    at e._renderForCamera (https://cdn.babylonjs.com/babylon.js:0:2917619)
    at e._processSubCameras (https://cdn.babylonjs.com/babylon.js:0:2919674)
    at e.render (https://cdn.babylonjs.com/babylon.js:0:2927939)
    at renderScene (http://localhost:5500/js/graphics.js?v=79:1288:10)
    at animate (http://localhost:5500/js/main.js?v=79:377:2)
[     213ms] Uncaught TypeError: Cannot read properties of undefined (reading '_currentLOD')
    at e._prepareRenderingManager (https://cdn.babylonjs.com/babylon.js:0:1473870)
    at e.render (https://cdn.babylonjs.com/babylon.js:0:1470701)
    at t._renderToTarget (https://cdn.babylonjs.com/babylon.js:0:944126)
    at t._render (https://cdn.babylonjs.com/babylon.js:0:942773)
    at t.render (https://cdn.babylonjs.com/babylon.js:0:941741)
    at e._renderForCamera (https://cdn.babylonjs.com/babylon.js:0:2917619)
    at e._processSubCameras (https://cdn.babylonjs.com/babylon.js:0:2919674)
    at e.render (https://cdn.babylonjs.com/babylon.js:0:2927939)
    at renderScene (http://localhost:5500/js/graphics.js?v=79:1288:10)
    at animate (http://localhost:5500/js/main.js?v=79:377:2)
[     248ms] Uncaught TypeError: Cannot read properties of undefined (reading '_currentLOD')
    at e._prepareRenderingManager (https://cdn.babylonjs.com/babylon.js:0:1473870)
    at e.render (https://cdn.babylonjs.com/babylon.js:0:1470701)
    at t._renderToTarget (https://cdn.babylonjs.com/babylon.js:0:944126)
    at t._render (https://cdn.babylonjs.com/babylon.js:0:942773)
    at t.render (https://cdn.babylonjs.com/babylon.js:0:941741)
    at e._renderForCamera (https://cdn.babylonjs.com/babylon.js:0:2917619)
    at e._processSubCameras (https://cdn.babylonjs.com/babylon.js:0:2919674)
    at e.render (https://cdn.babylonjs.com/babylon.js:0:2927939)
    at renderScene (http://localhost:5500/js/graphics.js?v=79:1288:10)
    at animate (http://localhost:5500/js/main.js?v=79:377:2)
[     284ms] Uncaught TypeError: Cannot read properties of undefined (reading '_currentLOD')
    at e._prepareRenderingManager (https://cdn.babylonjs.com/babylon.js:0:1473870)
    at e.render (https://cdn.babylonjs.com/babylon.js:0:1470701)
    at t._renderToTarget (https://cdn.babylonjs.com/babylon.js:0:944126)
    at t._render (https://cdn.babylonjs.com/babylon.js:0:942773)
    at t.render (https://cdn.babylonjs.com/babylon.js:0:941741)
    at e._renderForCamera (https://cdn.babylonjs.com/babylon.js:0:2917619)
    at e._processSubCameras (https://cdn.babylonjs.com/babylon.js:0:2919674)
    at e.render (https://cdn.babylonjs.com/babylon.js:0:2927939)
    at renderScene (http://localhost:5500/js/graphics.js?v=79:1288:10)
    at animate (http://localhost:5500/js/main.js?v=79:377:2)
[     331ms] Uncaught TypeError: Cannot read properties of undefined (reading '_currentLOD')
    at e._prepareRenderingManager (https://cdn.babylonjs.com/babylon.js:0:1473870)
    at e.render (https://cdn.babylonjs.com/babylon.js:0:1470701)
    at t._renderToTarget (https://cdn.babylonjs.com/babylon.js:0:944126)
    at t._render (https://cdn.babylonjs.com/babylon.js:0:942773)
    at t.render (https://cdn.babylonjs.com/babylon.js:0:941741)
    at e._renderForCamera (https://cdn.babylonjs.com/babylon.js:0:2917619)
    at e._processSubCameras (https://cdn.babylonjs.com/babylon.js:0:2919674)
    at e.render (https://cdn.babylonjs.com/babylon.js:0:2927939)
    at renderScene (http://localhost:5500/js/graphics.js?v=79:1288:10)
    at animate (http://localhost:5500/js/main.js?v=79:377:2)
