[   12639ms] [WARNING] Error with Permissions-Policy header: Unrecognized feature: 'pointer-lock'. @ :0
[   16501ms] [WARNING] react-i18next:: useTranslation: You will need to pass in an i18next instance by using initReactI18next {code: NO_I18NEXT_INSTANCE} @ https://grok.com/_next/static/chunks/eb2f62688f36aebd.js:2
[   17188ms] [ERROR] Failed to load resource: the server responded with a status of 401 () @ https://grok.com/rest/suggestions/profile:0
[   20325ms] [ERROR] Access to fetch at 'https://accounts.x.ai/check-login?redirect=grok-com' (redirected from 'https://grok.com/sign-in?_rsc=1txv4') from origin 'https://grok.com' has been blocked by CORS policy: Response to preflight request doesn't pass access control check: No 'Access-Control-Allow-Origin' header is present on the requested resource. @ https://grok.com/:0
[   20326ms] [ERROR] Failed to load resource: net::ERR_FAILED @ https://accounts.x.ai/check-login?redirect=grok-com:0
[   20326ms] [ERROR] Failed to fetch RSC payload for https://grok.com/sign-in. Falling back to browser navigation. TypeError: Failed to fetch (grok.com)
    at https://grok.com/_next/static/chunks/eb2f62688f36aebd.js:3:370205
    at https://grok.com/_next/static/chunks/eb2f62688f36aebd.js:3:167193
    at h (https://grok.com/_next/static/chunks/33bb6fa904f129ab.js:3:16127)
    at E (https://grok.com/_next/static/chunks/33bb6fa904f129ab.js:3:14997)
    at https://grok.com/_next/static/chunks/7e196c51eb479946.js:3:24194
    at Object.a [as task] (https://grok.com/_next/static/chunks/7e196c51eb479946.js:3:21269)
    at c.s (https://grok.com/_next/static/chunks/7e196c51eb479946.js:3:21974)
    at c.enqueue (https://grok.com/_next/static/chunks/7e196c51eb479946.js:3:21399)
    at s (https://grok.com/_next/static/chunks/7e196c51eb479946.js:3:24157)
    at i (https://grok.com/_next/static/chunks/7e196c51eb479946.js:3:23673)
    at e (https://grok.com/_next/static/chunks/7e196c51eb479946.js:3:51669)
    at f (https://grok.com/_next/static/chunks/7e196c51eb479946.js:3:65317)
    at Object.action (https://grok.com/_next/static/chunks/7e196c51eb479946.js:3:67663)
    at p (https://grok.com/_next/static/chunks/7e196c51eb479946.js:3:66890)
    at https://grok.com/_next/static/chunks/7e196c51eb479946.js:3:67331
    at Object.dispatch (https://grok.com/_next/static/chunks/7e196c51eb479946.js:3:67623)
    at u (https://grok.com/_next/static/chunks/0559c730974fc0a8.js:3:49335)
    at a (https://grok.com/_next/static/chunks/0559c730974fc0a8.js:3:49265)
    at v (https://grok.com/_next/static/chunks/7e196c51eb479946.js:3:68302)
    at https://grok.com/_next/static/chunks/dcce4b436bdf37f5.js:3:141311
    at n.startTransition (https://grok.com/_next/static/chunks/0559c730974fc0a8.js:3:18975)
    at https://grok.com/_next/static/chunks/dcce4b436bdf37f5.js:3:141262
    at onClick (https://grok.com/_next/static/chunks/dcce4b436bdf37f5.js:3:141361)
    at i2 (https://grok.com/_next/static/chunks/96ee51808d3b553c.js:3:138665)
    at https://grok.com/_next/static/chunks/96ee51808d3b553c.js:3:144751
    at nS (https://grok.com/_next/static/chunks/96ee51808d3b553c.js:3:22661)
    at i9 (https://grok.com/_next/static/chunks/96ee51808d3b553c.js:3:139898)
    at cu (https://grok.com/_next/static/chunks/96ee51808d3b553c.js:3:166898)
    at ca (https://grok.com/_next/static/chunks/96ee51808d3b553c.js:3:166720)
    at HTMLDocument.r (https://grok.com/_next/static/chunks/eb2f62688f36aebd.js:3:162324) @ https://grok.com/_next/static/chunks/eb2f62688f36aebd.js:2
[   29571ms] [ERROR] Error: <svg> attribute width: Expected length, "auto". @ https://accounts.x.ai/account:0
[   29571ms] [ERROR] Error: <svg> attribute width: Expected length, "auto". @ https://accounts.x.ai/account:0
[   29572ms] [ERROR] Error: <svg> attribute width: Expected length, "auto". @ https://accounts.x.ai/account:0
[   29572ms] [ERROR] Error: <svg> attribute width: Expected length, "auto". @ https://accounts.x.ai/account:0
[   29988ms] [ERROR] Error: <svg> attribute width: Expected length, "auto". @ https://accounts.x.ai/_next/static/chunks/37acb863bbd0f0e2.js:0
[   29989ms] [ERROR] Error: <svg> attribute width: Expected length, "auto". @ https://accounts.x.ai/_next/static/chunks/37acb863bbd0f0e2.js:0
[   29992ms] [ERROR] Error: <svg> attribute width: Expected length, "auto". @ https://accounts.x.ai/_next/static/chunks/37acb863bbd0f0e2.js:0
[   29992ms] [ERROR] Error: <svg> attribute width: Expected length, "auto". @ https://accounts.x.ai/_next/static/chunks/37acb863bbd0f0e2.js:0
[   29994ms] [ERROR] Error: <svg> attribute width: Expected length, "auto". @ https://accounts.x.ai/_next/static/chunks/37acb863bbd0f0e2.js:0
[   29995ms] [ERROR] Error: <svg> attribute width: Expected length, "auto". @ https://accounts.x.ai/_next/static/chunks/37acb863bbd0f0e2.js:0
[   29996ms] [ERROR] Error: <svg> attribute width: Expected length, "auto". @ https://accounts.x.ai/_next/static/chunks/37acb863bbd0f0e2.js:0
[   29997ms] [ERROR] Error: <svg> attribute width: Expected length, "auto". @ https://accounts.x.ai/_next/static/chunks/37acb863bbd0f0e2.js:0
[   31253ms] [WARNING] Error with Permissions-Policy header: Unrecognized feature: 'pointer-lock'. @ :0
[   32101ms] [WARNING] react-i18next:: useTranslation: You will need to pass in an i18next instance by using initReactI18next {code: NO_I18NEXT_INSTANCE} @ https://grok.com/_next/static/chunks/eb2f62688f36aebd.js:2
[   33306ms] [ERROR] Failed to load resource: the server responded with a status of 403 () @ https://grok.com/rest/highlights/stories?limit=10:0
[  333641ms] [ERROR] Access to fetch at 'https://imagine-public.x.ai/imagine-public/images/637bee60-4d7c-4291-8e7e-8077d6d2c647.jpg?cache=1&dl=1' from origin 'https://grok.com' has been blocked by CORS policy: The value of the 'Access-Control-Allow-Credentials' header in the response is '' which must be 'true' when the request's credentials mode is 'include'. @ https://grok.com/imagine/post/637bee60-4d7c-4291-8e7e-8077d6d2c647:0
[  333642ms] [ERROR] Failed to load resource: net::ERR_FAILED @ https://imagine-public.x.ai/imagine-public/images/637bee60-4d7c-4291-8e7e-8077d6d2c647.jpg?cache=1&dl=1:0
