[     833ms] [WARNING] Unrecognized feature: 'ambient-light-sensor'. @ https://huggingface.co/spaces/trellis-community/TRELLIS:288
[     833ms] [WARNING] Unrecognized feature: 'battery'. @ https://huggingface.co/spaces/trellis-community/TRELLIS:288
[     833ms] [WARNING] Unrecognized feature: 'document-domain'. @ https://huggingface.co/spaces/trellis-community/TRELLIS:288
[     833ms] [WARNING] Unrecognized feature: 'layout-animations'. @ https://huggingface.co/spaces/trellis-community/TRELLIS:288
[     833ms] [WARNING] Unrecognized feature: 'legacy-image-formats'. @ https://huggingface.co/spaces/trellis-community/TRELLIS:288
[     833ms] [WARNING] Unrecognized feature: 'oversized-images'. @ https://huggingface.co/spaces/trellis-community/TRELLIS:288
[     833ms] [WARNING] Unrecognized feature: 'vr'. @ https://huggingface.co/spaces/trellis-community/TRELLIS:288
[     833ms] [WARNING] Unrecognized feature: 'wake-lock'. @ https://huggingface.co/spaces/trellis-community/TRELLIS:288
[    3490ms] [ERROR] Failed to load resource: the server responded with a status of 404 () @ https://trellis-community-trellis.hf.space/static/fonts/ui-sans-serif/ui-sans-serif-Regular.woff2:0
[    3838ms] [ERROR] Failed to load resource: the server responded with a status of 404 () @ https://trellis-community-trellis.hf.space/static/fonts/system-ui/system-ui-Regular.woff2:0
[    5172ms] [ERROR] Failed to load resource: the server responded with a status of 404 () @ https://trellis-community-trellis.hf.space/static/fonts/ui-sans-serif/ui-sans-serif-Bold.woff2:0
[    5774ms] [ERROR] Failed to load resource: the server responded with a status of 404 () @ https://trellis-community-trellis.hf.space/static/fonts/system-ui/system-ui-Bold.woff2:0
[   89183ms] [WARNING] Method not implemented. @ https://trellis-community-trellis.hf.space/_app/immutable/chunks/2.CWSJHAMp.js:1486
[   89223ms] [WARNING] Method not implemented. @ https://trellis-community-trellis.hf.space/_app/immutable/chunks/2.CWSJHAMp.js:1486
[  385069ms] [WARNING] Method not implemented. @ https://trellis-community-trellis.hf.space/_app/immutable/chunks/2.CWSJHAMp.js:1486
[  385074ms] [WARNING] Method not implemented. @ https://trellis-community-trellis.hf.space/_app/immutable/chunks/2.CWSJHAMp.js:1486
[  526103ms] [WARNING] Method not implemented. @ https://trellis-community-trellis.hf.space/_app/immutable/chunks/2.CWSJHAMp.js:1486
[  526143ms] [WARNING] Method not implemented. @ https://trellis-community-trellis.hf.space/_app/immutable/chunks/2.CWSJHAMp.js:1486
[  648853ms] [WARNING] Method not implemented. @ https://trellis-community-trellis.hf.space/_app/immutable/chunks/2.CWSJHAMp.js:1486
[  648894ms] [WARNING] Method not implemented. @ https://trellis-community-trellis.hf.space/_app/immutable/chunks/2.CWSJHAMp.js:1486
[  792562ms] [WARNING] Method not implemented. @ https://trellis-community-trellis.hf.space/_app/immutable/chunks/2.CWSJHAMp.js:1486
[  792566ms] [WARNING] Method not implemented. @ https://trellis-community-trellis.hf.space/_app/immutable/chunks/2.CWSJHAMp.js:1486
